src/app/layout.tsx(2,8): error TS2882: Cannot find module or type declarations for side-effect import of './globals.css'.
